python : 2025-10-24 00:30:25,121 - INFO - 
At line:1 char:1
+ python test_e2e_reconciliation_simple.py 2>&1 > test_output.txt; Get- ...
+ ~~~~~~~~~~~~~~~~~~~~~~~~~~~~~~~~~~~~~~~~~~~~~~~~~~~~~~~~~~~~~~~
    + CategoryInfo          : NotSpecified: (2025-10-24 00:30:25,121 - INFO -  
   :String) [], RemoteException
    + FullyQualifiedErrorId : NativeCommandError
 
===============================================================================
=
2025-10-24 00:30:25,121 - INFO - STARTING END-TO-END RECONCILIATION WORKFLOW
2025-10-24 00:30:25,121 - INFO - ==============================================
==================================
2025-10-24 00:30:25,121 - INFO - 
===============================================================================
=
2025-10-24 00:30:25,121 - INFO - STEP 1: SCHEMA LOADING
2025-10-24 00:30:25,123 - INFO - ==============================================
==================================
2025-10-24 00:30:25,123 - INFO - Found 2 schemas: ['orderMgmt-catalog', 
'qinspect-designcode']
2025-10-24 00:30:25,124 - INFO - [OK] Loaded schema: orderMgmt-catalog - 
Tables: 1
2025-10-24 00:30:25,124 - INFO - [OK] Loaded schema: qinspect-designcode - 
Tables: 1
2025-10-24 00:30:25,124 - INFO - [OK] Successfully loaded 2 schemas
2025-10-24 00:30:25,124 - INFO - 
===============================================================================
=
2025-10-24 00:30:25,124 - INFO - STEP 2: KNOWLEDGE GRAPH CREATION
2025-10-24 00:30:25,124 - INFO - ==============================================
==================================
2025-10-24 00:30:25,124 - INFO - Creating KG 'kg_20251024_003025' from 
schemas: ['orderMgmt-catalog', 'qinspect-designcode']
2025-10-24 00:30:25,125 - INFO - Loaded schema: orderMgmt-catalog
2025-10-24 00:30:25,126 - INFO - Loaded schema: qinspect-designcode
2025-10-24 00:30:25,126 - INFO - Built merged KG 'kg_20251024_003025' from 2 
schemas with 2 nodes and 0 relationships
2025-10-24 00:30:25,126 - INFO - [OK] KG created: kg_20251024_003025
2025-10-24 00:30:25,126 - INFO -   - Nodes: 2
2025-10-24 00:30:25,126 - INFO -   - Relationships: 0
2025-10-24 00:30:25,126 - INFO - 
===============================================================================
=
2025-10-24 00:30:25,127 - INFO - STEP 3: RECONCILIATION RULES GENERATION
2025-10-24 00:30:25,127 - INFO - ==============================================
==================================
2025-10-24 00:30:27,830 - ERROR - Failed to connect to FalkorDB: Error 11001 
connecting to falkordb:6379. getaddrinfo failed.
2025-10-24 00:30:27,831 - INFO - Generating reconciliation rules from KG 
'kg_20251024_003025'
2025-10-24 00:30:27,831 - INFO - Generating reconciliation rules from KG 
'kg_20251024_003025'
2025-10-24 00:30:27,832 - ERROR - Error querying KG relationships: 
'FalkorDBBackend' object has no attribute 'execute_query'
2025-10-24 00:30:27,837 - INFO - Generated 19 reconciliation rules (19 
pattern-based, 0 LLM-based)
2025-10-24 00:30:27,837 - INFO - [OK] Reconciliation rules generated
2025-10-24 00:30:27,837 - INFO -   - Ruleset ID: RECON_23DC5158
2025-10-24 00:30:27,837 - INFO -   - Total Rules: 19
2025-10-24 00:30:27,837 - INFO -   - Rule 1: Name_Match_catalog_id 
(confidence: 0.75)
2025-10-24 00:30:27,837 - INFO -   - Rule 2: Name_Match_catalog_code 
(confidence: 0.75)
2025-10-24 00:30:27,837 - INFO -   - Rule 3: Name_Match_catalog_sub_cat_uid 
(confidence: 0.75)
2025-10-24 00:30:27,837 - INFO -   - ... and 16 more rules
2025-10-24 00:30:27,838 - INFO - Saved ruleset to: 
data\reconciliation_rules\RECON_23DC5158.json
2025-10-24 00:30:27,838 - INFO - 
===============================================================================
=
2025-10-24 00:30:27,838 - INFO - STEP 4: DATABASE CONNECTION VERIFICATION
2025-10-24 00:30:27,838 - INFO - ==============================================
==================================
2025-10-24 00:30:27,838 - INFO - Source Database: mysql @ 
localhost:3306/ordermgmt
2025-10-24 00:30:27,838 - INFO - Target Database: mysql @ 
localhost:3306/newamazon
2025-10-24 00:30:27,838 - INFO - [OK] Database configurations loaded 
successfully
2025-10-24 00:30:27,838 - INFO - 
===============================================================================
=
2025-10-24 00:30:27,838 - INFO - STEP 5: RULE EXECUTION
2025-10-24 00:30:27,838 - INFO - ==============================================
==================================
2025-10-24 00:30:27,838 - INFO - ReconciliationRuleStorage initialized at: 
D:\learning\dq-poc\data\reconciliation_rules
2025-10-24 00:30:27,838 - INFO - Executing ruleset 'RECON_23DC5158' against 
databases
2025-10-24 00:30:27,838 - INFO - Record limit: 100
2025-10-24 00:30:27,838 - INFO - Executing ruleset 'RECON_23DC5158' with 
limit=100
2025-10-24 00:30:27,857 - INFO - Loaded ruleset 'RECON_23DC5158' with 19 rules
